[2026-09-23 09:14:02] [PYGIT] No local runtime found. Downloading current GitHub version...
[2026-09-23 09:14:03] [PYGIT] Running version 2.0.0
[2026-09-23 09:14:03] [PYGIT] Press Q to quit.
[2026-09-23 09:15:03] [PYGIT] Application process exited with code 0.
[2026-09-23 09:15:03] [PYGIT] Supervisor remains running.
[2026-09-23 09:16:03] [PYGIT] Application process exited with code 0.
[2026-09-23 09:16:03] [PYGIT] Supervisor remains running.
[2026-09-23 09:17:03] [PYGIT] Application process exited with code 0.
[2026-09-23 09:17:03] [PYGIT] Supervisor remains running.
[2026-09-23 09:18:03] [PYGIT] Application process exited with code 0.
[2026-09-23 09:18:03] [PYGIT] Supervisor remains running.
[2026-09-23 09:19:03] [PYGIT] Application process exited with code 0.
[2026-09-23 09:19:03] [PYGIT] Supervisor remains running.
[2026-09-23 09:20:04] [PYGIT] Application process exited with code 0.
[2026-09-23 09:20:04] [PYGIT] Supervisor remains running.
[2026-09-23 09:21:04] [PYGIT] Application process exited with code 0.
[2026-09-23 09:21:04] [PYGIT] Supervisor remains running.
[2026-09-23 09:22:04] [PYGIT] Application process exited with code 0.
[2026-09-23 09:22:04] [PYGIT] Supervisor remains running.
[2026-09-23 09:23:04] [PYGIT] Application process exited with code 0.
[2026-09-23 09:23:04] [PYGIT] Supervisor remains running.
[2026-09-23 09:24:04] [PYGIT] Application process exited with code 0.
[2026-09-23 09:24:04] [PYGIT] Supervisor remains running.
